Command line: -t -s -db site.ycsb.db.CoordenadorClient -P C:\codigos\replicas\YCSB-master\coordenador\workload -threads 8 -p coordenador.url=http://127.0.0.1:52302 -p recordcount=1000 -p operationcount=1000 -p readproportion=0 -p updateproportion=1 -p measurementtype=hdrhistogram -p exportfile=C:\codigos\replicas\benchmarks\results\20260928-173611\1-escrita-strong\metrics.txt -p status.interval=10
YCSB Client 0.18.0-SNAPSHOT

Loading workload...
Starting test.
2026-09-28 17:39:17:657 0 sec: 0 operations; est completion in 0 second 
DBWrapper: report latency for each error is false and specific error codes to track for latency are: []
2026-09-28 17:39:27:668 10 sec: 35 operations; 3,5 current ops/sec; est completion in 4 minutes [UPDATE-FAILED: Count=6, Max=5013503, Min=50016, Avg=4183186,67, 50=5009407, 90=5013503, 99=5013503, 99.9=5013503, 99.99=5013503] [UPDATE: Count=29, Max=4513791, Min=247168, Avg=1328986,48, 50=1261567, 90=2648063, 99=4513791, 99.9=4513791, 99.99=4513791] 
2026-09-28 17:39:37:658 20 sec: 91 operations; 5,61 current ops/sec; est completion in 3 minutes [UPDATE-FAILED: Count=0, Max=0, Min=0, Avg=0, 50=0, 90=0, 99=0, 99.9=0, 99.99=0] [UPDATE: Count=56, Max=4718591, Min=1257472, Avg=1622162,29, 50=1375231, 90=2512895, 99=4718591, 99.9=4718591, 99.99=4718591] 
2026-09-28 17:39:47:671 30 sec: 154 operations; 6,29 current ops/sec; est completion in 2 minutes [UPDATE-FAILED: Count=1, Max=1232895, Min=1231872, Avg=1232384, 50=1232895, 90=1232895, 99=1232895, 99.9=1232895, 99.99=1232895] [UPDATE: Count=62, Max=1518591, Min=1070080, Avg=1268521,29, 50=1252351, 90=1432575, 99=1518591, 99.9=1518591, 99.99=1518591] 
2026-09-28 17:39:57:668 40 sec: 217 operations; 6,3 current ops/sec; est completion in 2 minutes [UPDATE-FAILED: Count=0, Max=0, Min=0, Avg=0, 50=0, 90=0, 99=0, 99.9=0, 99.99=0] [UPDATE: Count=63, Max=1483775, Min=990208, Avg=1265586,79, 50=1294335, 90=1385471, 99=1483775, 99.9=1483775, 99.99=1483775] 
2026-09-28 17:40:07:662 50 sec: 280 operations; 6,3 current ops/sec; est completion in 2 minutes [UPDATE-FAILED: Count=0, Max=0, Min=0, Avg=0, 50=0, 90=0, 99=0, 99.9=0, 99.99=0] [UPDATE: Count=63, Max=1514495, Min=1074176, Avg=1261608,63, 50=1241087, 90=1400831, 99=1514495, 99.9=1514495, 99.99=1514495] 
2026-09-28 17:40:17:670 60 sec: 350 operations; 6,99 current ops/sec; est completion in 1 minute [UPDATE-FAILED: Count=0, Max=0, Min=0, Avg=0, 50=0, 90=0, 99=0, 99.9=0, 99.99=0] [UPDATE: Count=70, Max=1443839, Min=729088, Avg=1158699,89, 50=1176575, 90=1361919, 99=1443839, 99.9=1443839, 99.99=1443839] 
2026-09-28 17:40:27:667 70 sec: 400 operations; 5 current ops/sec; est completion in 1 minute [UPDATE-FAILED: Count=2, Max=1526783, Min=1468416, Avg=1497600, 50=1469439, 90=1526783, 99=1526783, 99.9=1526783, 99.99=1526783] [UPDATE: Count=48, Max=2404351, Min=1168384, Avg=1574645,33, 50=1488895, 90=2022399, 99=2404351, 99.9=2404351, 99.99=2404351] 
2026-09-28 17:40:37:670 80 sec: 454 operations; 5,4 current ops/sec; est completion in 1 minute [UPDATE-FAILED: Count=0, Max=0, Min=0, Avg=0, 50=0, 90=0, 99=0, 99.9=0, 99.99=0] [UPDATE: Count=54, Max=1826815, Min=1321984, Avg=1493485,04, 50=1461247, 90=1724415, 99=1826815, 99.9=1826815, 99.99=1826815] 
2026-09-28 17:40:47:661 90 sec: 516 operations; 6,21 current ops/sec; est completion in 1 minute [UPDATE-FAILED: Count=0, Max=0, Min=0, Avg=0, 50=0, 90=0, 99=0, 99.9=0, 99.99=0] [UPDATE: Count=62, Max=1492991, Min=1067008, Avg=1309398,71, 50=1289215, 90=1428479, 99=1492991, 99.9=1492991, 99.99=1492991] 
2026-09-28 17:40:57:671 100 sec: 575 operations; 5,89 current ops/sec; est completion in 1 minute [UPDATE-FAILED: Count=0, Max=0, Min=0, Avg=0, 50=0, 90=0, 99=0, 99.9=0, 99.99=0] [UPDATE: Count=59, Max=1904639, Min=1112064, Avg=1338012,2, 50=1270783, 90=1694719, 99=1904639, 99.9=1904639, 99.99=1904639] 
2026-09-28 17:41:07:668 110 sec: 637 operations; 6,2 current ops/sec; est completion in 1 minute [UPDATE-FAILED: Count=0, Max=0, Min=0, Avg=0, 50=0, 90=0, 99=0, 99.9=0, 99.99=0] [UPDATE: Count=62, Max=1517567, Min=1071104, Avg=1264458,32, 50=1252351, 90=1389567, 99=1517567, 99.9=1517567, 99.99=1517567] 
2026-09-28 17:41:17:665 120 sec: 693 operations; 5,6 current ops/sec; est completion in 54 seconds [UPDATE-FAILED: Count=1, Max=1459199, Min=1458176, Avg=1458688, 50=1459199, 90=1459199, 99=1459199, 99.9=1459199, 99.99=1459199] [UPDATE: Count=55, Max=1722367, Min=901632, Avg=1453116,51, 50=1488895, 90=1643519, 99=1722367, 99.9=1722367, 99.99=1722367] 
2026-09-28 17:41:27:668 130 sec: 735 operations; 4,2 current ops/sec; est completion in 47 seconds [UPDATE-FAILED: Count=1, Max=1633279, Min=1632256, Avg=1632768, 50=1633279, 90=1633279, 99=1633279, 99.9=1633279, 99.99=1633279] [UPDATE: Count=41, Max=2570239, Min=1548288, Avg=1763015,8, 50=1640447, 90=2297855, 99=2570239, 99.9=2570239, 99.99=2570239] 
2026-09-28 17:41:37:662 140 sec: 772 operations; 3,7 current ops/sec; est completion in 42 seconds [UPDATE-FAILED: Count=0, Max=0, Min=0, Avg=0, 50=0, 90=0, 99=0, 99.9=0, 99.99=0] [UPDATE: Count=37, Max=3960831, Min=746496, Avg=2076339,89, 50=1926143, 90=3465215, 99=3960831, 99.9=3960831, 99.99=3960831] 
2026-09-28 17:41:47:672 150 sec: 807 operations; 3,5 current ops/sec; est completion in 36 seconds [UPDATE-FAILED: Count=0, Max=0, Min=0, Avg=0, 50=0, 90=0, 99=0, 99.9=0, 99.99=0] [UPDATE: Count=35, Max=4007935, Min=1931264, Avg=2442386,29, 50=2289663, 90=3071999, 99=4007935, 99.9=4007935, 99.99=4007935] 
2026-09-28 17:41:57:658 160 sec: 851 operations; 4,41 current ops/sec; est completion in 29 seconds [UPDATE-FAILED: Count=0, Max=0, Min=0, Avg=0, 50=0, 90=0, 99=0, 99.9=0, 99.99=0] [UPDATE: Count=44, Max=2674687, Min=1257472, Avg=1887720,73, 50=1892351, 90=2406399, 99=2674687, 99.9=2674687, 99.99=2674687] 
2026-09-28 17:42:07:669 170 sec: 887 operations; 3,6 current ops/sec; est completion in 22 seconds [UPDATE-FAILED: Count=2, Max=2709503, Min=1542144, Avg=2125568, 50=1543167, 90=2709503, 99=2709503, 99.9=2709503, 99.99=2709503] [UPDATE: Count=34, Max=3364863, Min=1396736, Avg=2014960,94, 50=1694719, 90=3178495, 99=3364863, 99.9=3364863, 99.99=3364863] 
2026-09-28 17:42:17:667 180 sec: 913 operations; 2,6 current ops/sec; est completion in 18 seconds [UPDATE-FAILED: Count=0, Max=0, Min=0, Avg=0, 50=0, 90=0, 99=0, 99.9=0, 99.99=0] [UPDATE: Count=26, Max=4698111, Min=1955840, Avg=2792310,15, 50=2543615, 90=4243455, 99=4698111, 99.9=4698111, 99.99=4698111] 
2026-09-28 17:42:27:667 190 sec: 940 operations; 2,7 current ops/sec; est completion in 13 seconds [UPDATE-FAILED: Count=1, Max=3483647, Min=3481600, Avg=3482624, 50=3483647, 90=3483647, 99=3483647, 99.9=3483647, 99.99=3483647] [UPDATE: Count=26, Max=4984831, Min=1867776, Avg=3523091,69, 50=3674111, 90=4878335, 99=4984831, 99.9=4984831, 99.99=4984831] 
2026-09-28 17:42:37:670 200 sec: 966 operations; 2,6 current ops/sec; est completion in 8 second [UPDATE-FAILED: Count=0, Max=0, Min=0, Avg=0, 50=0, 90=0, 99=0, 99.9=0, 99.99=0] [UPDATE: Count=26, Max=3913727, Min=1729536, Avg=2923933,54, 50=3016703, 90=3893247, 99=3913727, 99.9=3913727, 99.99=3913727] 
2026-09-28 17:42:47:666 210 sec: 988 operations; 2,2 current ops/sec; est completion in 3 second [UPDATE-FAILED: Count=0, Max=0, Min=0, Avg=0, 50=0, 90=0, 99=0, 99.9=0, 99.99=0] [UPDATE: Count=22, Max=4972543, Min=2037760, Avg=3465472, 50=3330047, 90=4476927, 99=4972543, 99.9=4972543, 99.99=4972543] 
2026-09-28 17:42:52:970 215 sec: 1000 operations; 2,26 current ops/sec; [UPDATE-FAILED: Count=0, Max=0, Min=0, Avg=0, 50=0, 90=0, 99=0, 99.9=0, 99.99=0] [CLEANUP: Count=8, Max=4, Min=1, Avg=1,62, 50=1, 90=4, 99=4, 99.9=4, 99.99=4] [UPDATE: Count=12, Max=4030463, Min=3043328, Avg=3584170,67, 50=3653631, 90=3997695, 99=4030463, 99.9=4030463, 99.99=4030463] 
